../Core/Src/main.c:42:6:error_loop	4	static
../Core/Src/main.c:178:5:main	8	static
../Core/Src/main.c:272:6:SystemClock_Config	88	static
../Core/Src/main.c:315:24:clamp_pwm	16	static
../Core/Src/main.c:322:13:motor_set_pwm	24	static
../Core/Src/main.c:345:23:enc_delta	24	static
../Core/Src/main.c:354:6:reset_encoder_position	4	static
../Core/Src/main.c:362:6:joint_callback	88	static
../Core/Src/main.c:383:6:init_dc_motors	4	static
../Core/Src/main.c:410:6:move_to_left	16	static
../Core/Src/main.c:428:6:move_to_right	16	static
../Core/Src/main.c:446:6:stop_motor	16	static
../Core/Src/main.c:464:6:stop_dc_motor	16	static
../Core/Src/main.c:470:6:start_dc_move_to_angle	24	static
../Core/Src/main.c:489:6:update_dc_motors	40	static
../Core/Src/main.c:527:6:update_encoder_angles	4	static
../Core/Src/main.c:539:6:move_joint_dc_1	16	static
../Core/Src/main.c:540:6:move_joint_dc_2	16	static
../Core/Src/main.c:541:6:move_joint_dc_3	16	static
../Core/Src/main.c:543:6:move_servo	32	static
../Core/Src/main.c:563:6:motor_angles_callback	24	static
../Core/Src/main.c:577:6:init_sensors	8	static
../Core/Src/main.c:604:6:publish_angle	16	static
../Core/Src/main.c:619:6:StartDefaultTask	336	static
../Core/Src/main.c:724:6:HAL_TIM_PeriodElapsedCallback	16	static
../Core/Src/main.c:741:6:Error_Handler	4	static,ignoring_inline_asm
